2017.309.08:17:00.45;location,IRBENE  ,-21.85,57.55,80.0
2017.309.08:17:01.04:scan_name=no0001,m86,ir,420,420
2017.309.08:17:01.04:source=abc,061437.05,133936.2,2000.0,
2017.309.08:17:01.04:scan_name=no0002,m86,ir,420,420
2017.309.08:17:01.04:source=qwe,061437.05,133936.2,2000.0,
